[2025-11-11T10:53:38.934] [ERROR] default - MQTT INIT FAILED:Connection error: 
[2025-11-11T10:54:08.559] [INFO] default - Access about page successful
[2025-11-11T10:54:44.008] [ERROR] default - MQTT INIT FAILED:Connection error: 
[2025-11-11T11:03:11.096] [INFO] default - Access about page successful
[2025-11-11T11:03:53.911] [INFO] default - Access about page successful
[2025-11-11T11:04:21.930] [INFO] default - Access about page successful
[2025-11-11T11:04:25.852] [INFO] default - Access about page successful
[2025-11-11T11:08:28.330] [INFO] default - get Rubik successful
[2025-11-11T11:08:34.510] [INFO] default - get product-detail Rubiks Coach Cube successfull
[2025-11-11T11:08:36.193] [ERROR] default - MQTT INIT FAILED:Connection error: 
[2025-11-11T11:08:44.971] [INFO] default - Access about page successful
[2025-11-11T11:08:46.026] [INFO] default - get product-detail Rubik's Coach Cube successfull
[2025-11-11T11:08:46.057] [INFO] default - get product-detail Rubik's 3x3 successfull
[2025-11-11T11:08:46.080] [INFO] default - get product-detail Rubik's Apprentice 2x2 successfull
[2025-11-11T11:08:49.092] [INFO] default - GET DEVICE LIST SUCCESSFULLY FOR USER helloman123
[2025-11-11T11:14:28.972] [INFO] default - Close Log SSE Successfully.
[2025-11-11T11:14:29.401] [INFO] default - GET DEVICE LIST SUCCESSFULLY FOR USER helloman123
[2025-11-11T11:14:43.796] [INFO] default - Close Log SSE Successfully.
[2025-11-11T11:14:44.084] [INFO] default - GET DEVICE LIST SUCCESSFULLY FOR USER helloman123
[2025-11-11T11:15:10.760] [INFO] default - Close Log SSE Successfully.
[2025-11-11T11:15:10.960] [INFO] default - GET DEVICE LIST SUCCESSFULLY FOR USER helloman123
[2025-11-11T11:15:29.348] [INFO] default - Close Log SSE Successfully.
[2025-11-11T11:15:29.619] [INFO] default - GET DEVICE LIST SUCCESSFULLY FOR USER helloman123
[2025-11-11T11:15:38.817] [INFO] default - Close Log SSE Successfully.
[2025-11-11T11:15:38.992] [INFO] default - get product-detail Rubik's Coach Cube successfull
[2025-11-11T11:15:39.074] [INFO] default - get product-detail Rubik's 3x3 successfull
[2025-11-11T11:15:39.176] [INFO] default - get product-detail Rubik's Apprentice 2x2 successfull
[2025-11-11T11:15:41.646] [INFO] default - GET DEVICE LIST SUCCESSFULLY FOR USER helloman123
[2025-11-11T11:15:44.821] [INFO] default - get product-detail Rubik's Coach Cube successfull
[2025-11-11T11:15:44.845] [INFO] default - get product-detail Rubik's 3x3 successfull
[2025-11-11T11:15:44.867] [INFO] default - get product-detail Rubik's Apprentice 2x2 successfull
[2025-11-11T11:15:47.082] [INFO] default - get Rubik successful
[2025-11-11T11:16:52.471] [INFO] default - get product-detail Rubik's Coach Cube successfull
[2025-11-11T11:16:52.520] [INFO] default - get product-detail Rubik's 3x3 successfull
[2025-11-11T11:16:52.538] [INFO] default - get product-detail Rubik's Apprentice 2x2 successfull
[2025-11-11T11:16:54.302] [INFO] default - Close Log SSE Successfully.
[2025-11-11T11:16:54.342] [INFO] default - GET DEVICE LIST SUCCESSFULLY FOR USER helloman123
[2025-11-11T12:05:01.644] [ERROR] default - MQTT INIT FAILED:Connection error: 
[2025-11-11T14:03:14.690] [ERROR] default - MQTT INIT FAILED:Connection error: 
[2025-11-11T14:03:35.017] [INFO] default - Close Log SSE Successfully.
[2025-11-11T14:03:54.424] [INFO] default - Access about page successful
[2025-11-11T14:03:56.978] [INFO] default - get product-detail Rubik's Coach Cube successfull
[2025-11-11T14:03:57.011] [INFO] default - get product-detail Rubik's 3x3 successfull
[2025-11-11T14:03:57.028] [INFO] default - get product-detail Rubik's Apprentice 2x2 successfull
[2025-11-11T14:03:59.337] [INFO] default - GET DEVICE LIST SUCCESSFULLY FOR USER helloman123
[2025-11-11T14:05:36.486] [ERROR] default - MQTT INIT FAILED:Connection error: 
[2025-11-11T14:07:31.772] [INFO] default - Close Log SSE Successfully.
[2025-11-11T14:07:32.531] [INFO] default - GET DEVICE LIST SUCCESSFULLY FOR USER helloman123
[2025-11-11T14:08:04.838] [INFO] default - Close Log SSE Successfully.
[2025-11-11T14:08:05.451] [INFO] default - GET DEVICE LIST SUCCESSFULLY FOR USER helloman123
[2025-11-11T14:24:28.512] [ERROR] default - MQTT INIT FAILED:Connection error: 
[2025-11-11T14:26:26.928] [INFO] default - Close Log SSE Successfully.
[2025-11-11T14:26:27.340] [INFO] default - GET DEVICE LIST SUCCESSFULLY FOR USER helloman123
[2025-11-11T14:30:15.802] [INFO] default - Close Log SSE Successfully.
[2025-11-11T14:30:16.244] [INFO] default - GET DEVICE LIST SUCCESSFULLY FOR USER helloman123
[2025-11-11T14:33:46.763] [INFO] default - Close Log SSE Successfully.
[2025-11-11T14:33:47.158] [INFO] default - GET DEVICE LIST SUCCESSFULLY FOR USER helloman123
[2025-11-11T14:33:49.738] [INFO] default - Close Log SSE Successfully.
[2025-11-11T14:33:49.902] [INFO] default - GET DEVICE LIST SUCCESSFULLY FOR USER helloman123
[2025-11-11T14:35:31.559] [INFO] default - get product-detail Rubik's Coach Cube successfull
[2025-11-11T14:35:31.582] [INFO] default - get product-detail Rubik's 3x3 successfull
[2025-11-11T14:35:31.611] [INFO] default - get product-detail Rubik's Apprentice 2x2 successfull
[2025-11-11T14:35:33.188] [INFO] default - Close Log SSE Successfully.
[2025-11-11T14:35:33.267] [INFO] default - GET DEVICE LIST SUCCESSFULLY FOR USER helloman123
[2025-11-11T14:47:12.363] [ERROR] default - MQTT INIT FAILED:Connection error: 
[2025-11-11T14:49:09.007] [INFO] default - get Rubik successful
[2025-11-11T15:07:00.551] [ERROR] default - MQTT INIT FAILED:Connection error: 
[2025-11-11T15:07:37.445] [INFO] default - Access about page successful
[2025-11-11T15:07:39.217] [INFO] default - get product-detail Rubik's Coach Cube successfull
[2025-11-11T15:07:39.249] [INFO] default - get product-detail Rubik's 3x3 successfull
[2025-11-11T15:07:39.280] [INFO] default - get product-detail Rubik's Apprentice 2x2 successfull
[2025-11-11T15:07:41.208] [INFO] default - GET DEVICE LIST SUCCESSFULLY FOR USER helloman123
[2025-11-11T15:08:42.297] [INFO] default - Close Log SSE Successfully.
[2025-11-11T15:08:42.452] [INFO] default - get product-detail Rubik's Coach Cube successfull
[2025-11-11T15:08:42.505] [INFO] default - get product-detail Rubik's 3x3 successfull
[2025-11-11T15:08:42.579] [INFO] default - get product-detail Rubik's Apprentice 2x2 successfull
[2025-11-11T15:08:45.720] [INFO] default - GET DEVICE LIST SUCCESSFULLY FOR USER helloman123
[2025-11-11T15:09:09.772] [INFO] default - Close Log SSE Successfully.
[2025-11-11T15:09:09.990] [INFO] default - GET DEVICE LIST SUCCESSFULLY FOR USER helloman123
[2025-11-11T15:09:15.852] [INFO] default - Close Log SSE Successfully.
[2025-11-11T15:09:16.031] [INFO] default - GET DEVICE LIST SUCCESSFULLY FOR USER helloman123
[2025-11-11T15:10:04.741] [INFO] default - Close Log SSE Successfully.
[2025-11-11T15:10:04.898] [INFO] default - GET DEVICE LIST SUCCESSFULLY FOR USER helloman123
[2025-11-11T15:10:23.744] [INFO] default - Close Log SSE Successfully.
[2025-11-11T15:10:24.017] [INFO] default - GET DEVICE LIST SUCCESSFULLY FOR USER helloman123
[2025-11-11T15:10:36.748] [INFO] default - Close Log SSE Successfully.
[2025-11-11T15:10:36.950] [INFO] default - GET DEVICE LIST SUCCESSFULLY FOR USER helloman123
[2025-11-11T15:10:49.749] [INFO] default - Close Log SSE Successfully.
[2025-11-11T15:10:49.927] [INFO] default - GET DEVICE LIST SUCCESSFULLY FOR USER helloman123
[2025-11-11T15:18:53.858] [INFO] default - Close Log SSE Successfully.
[2025-11-11T15:18:54.244] [INFO] default - GET DEVICE LIST SUCCESSFULLY FOR USER helloman123
[2025-11-11T15:20:33.015] [INFO] default - Close Log SSE Successfully.
[2025-11-11T15:20:33.231] [INFO] default - get product-detail Rubik's Coach Cube successfull
[2025-11-11T15:20:33.252] [INFO] default - get product-detail Rubik's 3x3 successfull
[2025-11-11T15:20:33.291] [INFO] default - get product-detail Rubik's Apprentice 2x2 successfull
[2025-11-11T15:20:34.904] [INFO] default - GET DEVICE LIST SUCCESSFULLY FOR USER helloman123
[2025-11-11T15:20:39.438] [ERROR] default - MQTT INIT FAILED:Connection error: 
[2025-11-11T15:21:41.753] [INFO] default - Close Log SSE Successfully.
[2025-11-11T15:21:41.995] [INFO] default - GET DEVICE LIST SUCCESSFULLY FOR USER helloman123
[2025-11-11T15:22:23.755] [INFO] default - Close Log SSE Successfully.
[2025-11-11T15:22:24.008] [INFO] default - GET DEVICE LIST SUCCESSFULLY FOR USER helloman123
[2025-11-11T15:22:39.744] [INFO] default - Close Log SSE Successfully.
[2025-11-11T15:22:39.932] [INFO] default - GET DEVICE LIST SUCCESSFULLY FOR USER helloman123
[2025-11-11T15:23:58.585] [INFO] default - Close Log SSE Successfully.
[2025-11-11T15:23:58.872] [INFO] default - GET DEVICE LIST SUCCESSFULLY FOR USER helloman123
[2025-11-11T15:25:02.753] [INFO] default - Close Log SSE Successfully.
[2025-11-11T15:25:02.961] [INFO] default - GET DEVICE LIST SUCCESSFULLY FOR USER helloman123
[2025-11-11T15:25:29.843] [INFO] default - Close Log SSE Successfully.
[2025-11-11T15:25:30.079] [INFO] default - GET DEVICE LIST SUCCESSFULLY FOR USER helloman123
[2025-11-11T15:29:09.756] [INFO] default - Close Log SSE Successfully.
[2025-11-11T15:29:10.169] [INFO] default - GET DEVICE LIST SUCCESSFULLY FOR USER helloman123
[2025-11-11T15:29:24.761] [INFO] default - Close Log SSE Successfully.
[2025-11-11T15:29:24.926] [INFO] default - GET DEVICE LIST SUCCESSFULLY FOR USER helloman123
[2025-11-11T15:30:54.753] [INFO] default - Close Log SSE Successfully.
[2025-11-11T15:30:54.984] [INFO] default - GET DEVICE LIST SUCCESSFULLY FOR USER helloman123
[2025-11-11T15:31:18.751] [INFO] default - Close Log SSE Successfully.
[2025-11-11T15:31:18.954] [INFO] default - GET DEVICE LIST SUCCESSFULLY FOR USER helloman123
[2025-11-11T15:31:42.948] [INFO] default - Close Log SSE Successfully.
[2025-11-11T15:31:43.104] [INFO] default - GET DEVICE LIST SUCCESSFULLY FOR USER helloman123
[2025-11-11T15:42:35.090] [ERROR] default - MQTT INIT FAILED:Connection error: 
[2025-11-11T15:42:36.781] [INFO] default - Close Log SSE Successfully.
[2025-11-11T15:42:36.959] [INFO] default - get product-detail Rubik's Coach Cube successfull
[2025-11-11T15:42:36.998] [INFO] default - get product-detail Rubik's 3x3 successfull
[2025-11-11T15:42:37.029] [INFO] default - get product-detail Rubik's Apprentice 2x2 successfull
[2025-11-11T15:42:39.508] [INFO] default - GET DEVICE LIST SUCCESSFULLY FOR USER helloman123
[2025-11-11T15:44:16.756] [INFO] default - Close Log SSE Successfully.
[2025-11-11T15:44:16.988] [INFO] default - GET DEVICE LIST SUCCESSFULLY FOR USER helloman123
[2025-11-11T15:44:26.753] [INFO] default - Close Log SSE Successfully.
[2025-11-11T15:44:27.018] [INFO] default - GET DEVICE LIST SUCCESSFULLY FOR USER helloman123
[2025-11-11T15:53:59.766] [INFO] default - Close Log SSE Successfully.
[2025-11-11T15:54:00.098] [INFO] default - GET DEVICE LIST SUCCESSFULLY FOR USER helloman123
[2025-11-11T16:22:29.569] [ERROR] default - MQTT INIT FAILED:Connection error: 
[2025-11-11T16:22:43.048] [INFO] default - Close Log SSE Successfully.
[2025-11-11T16:22:56.369] [INFO] default - Access about page successful
[2025-11-11T16:22:57.391] [INFO] default - get product-detail Rubik's Coach Cube successfull
[2025-11-11T16:22:57.438] [INFO] default - get product-detail Rubik's 3x3 successfull
[2025-11-11T16:22:57.458] [INFO] default - get product-detail Rubik's Apprentice 2x2 successfull
[2025-11-11T16:22:59.223] [INFO] default - Close Log SSE Successfully.
[2025-11-11T16:22:59.254] [INFO] default - GET DEVICE LIST SUCCESSFULLY FOR USER helloman123
[2025-11-11T16:23:39.824] [INFO] default - Close Log SSE Successfully.
[2025-11-11T16:23:40.201] [INFO] default - GET DEVICE LIST SUCCESSFULLY FOR USER helloman123
[2025-11-11T16:24:03.751] [INFO] default - Close Log SSE Successfully.
[2025-11-11T16:24:04.069] [INFO] default - GET DEVICE LIST SUCCESSFULLY FOR USER helloman123
[2025-11-11T16:24:24.804] [INFO] default - Close Log SSE Successfully.
[2025-11-11T16:24:25.081] [INFO] default - GET DEVICE LIST SUCCESSFULLY FOR USER helloman123
[2025-11-11T16:24:32.748] [INFO] default - Close Log SSE Successfully.
[2025-11-11T16:24:32.913] [INFO] default - GET DEVICE LIST SUCCESSFULLY FOR USER helloman123
[2025-11-11T16:24:39.180] [INFO] default - Close Log SSE Successfully.
[2025-11-11T16:24:39.325] [INFO] default - GET DEVICE LIST SUCCESSFULLY FOR USER helloman123
[2025-11-11T16:24:52.124] [INFO] default - Close Log SSE Successfully.
[2025-11-11T16:24:52.250] [INFO] default - GET DEVICE LIST SUCCESSFULLY FOR USER helloman123
[2025-11-11T16:25:12.750] [INFO] default - Close Log SSE Successfully.
[2025-11-11T16:25:12.893] [INFO] default - GET DEVICE LIST SUCCESSFULLY FOR USER helloman123
[2025-11-11T16:25:20.006] [INFO] default - get product-detail Rubik's Coach Cube successfull
[2025-11-11T16:25:20.026] [INFO] default - get product-detail Rubik's 3x3 successfull
[2025-11-11T16:25:20.051] [INFO] default - get product-detail Rubik's Apprentice 2x2 successfull
[2025-11-11T16:25:21.439] [INFO] default - Close Log SSE Successfully.
[2025-11-11T16:25:21.466] [INFO] default - GET DEVICE LIST SUCCESSFULLY FOR USER helloman123
[2025-11-11T16:30:10.863] [INFO] default - Close Log SSE Successfully.
[2025-11-11T16:30:11.144] [INFO] default - GET DEVICE LIST SUCCESSFULLY FOR USER helloman123
[2025-11-11T16:38:56.352] [ERROR] default - MQTT INIT FAILED:Connection error: 
