[2025-11-28T14:32:44.744] [ERROR] default - MQTT INIT FAILED:Connection error: 
[2025-11-28T14:33:46.353] [ERROR] default - MQTT INIT FAILED:Connection error: 
[2025-11-28T14:37:42.601] [ERROR] default - MQTT INIT FAILED:Connection error: 
[2025-11-28T14:42:04.667] [ERROR] default - MQTT INIT FAILED:Connection error: 
[2025-11-28T14:44:34.542] [ERROR] default - Admin login failed: Invalid password for user helloman147
[2025-11-28T14:44:45.758] [INFO] default - Admin login successful: helloman147
[2025-11-28T14:44:45.882] [INFO] default - Admin dashboard accessed by: helloman147
[2025-11-28T14:44:48.682] [INFO] default - Admin rubik types list accessed by: helloman147, page: 1, limit: 10
[2025-11-28T14:45:28.437] [INFO] default - Admin helloman147 fetched feedback list - page 1, limit 10
[2025-11-28T14:46:17.781] [INFO] default - Admin helloman147 fetched feedback list - page 1, limit 10
[2025-11-28T14:46:25.849] [INFO] default - Admin rubik types list accessed by: helloman147, page: 1, limit: 10
[2025-11-28T14:46:26.616] [INFO] default - Admin rubik types list accessed by: helloman147, page: 1, limit: 10
[2025-11-28T14:46:26.881] [INFO] default - Admin helloman147 fetched feedback list - page 1, limit 10
[2025-11-28T14:46:29.521] [INFO] default - Admin helloman147 fetched feedback list - page 1, limit 10
[2025-11-28T14:46:29.657] [INFO] default - Admin helloman147 fetched feedback list - page 1, limit 10
[2025-11-28T14:51:13.985] [INFO] default - Admin rubik types list accessed by: helloman147, page: 1, limit: 10
[2025-11-28T14:51:15.989] [INFO] default - Admin categories list accessed by: helloman147, page: 1, limit: 10
[2025-11-28T14:51:16.445] [INFO] default - Admin categories list accessed by: helloman147, page: 1, limit: 1000
[2025-11-28T14:51:16.449] [INFO] default - Admin products list accessed by: helloman147, page: 1, limit: 10
[2025-11-28T14:51:17.085] [INFO] default - Admin dashboard accessed by: helloman147
[2025-11-28T14:51:34.076] [ERROR] default - Admin account attempted to access client page: helloman147
[2025-11-28T14:51:36.492] [ERROR] default - Your account has been login from another place.
[2025-11-28T15:01:44.007] [ERROR] default - MQTT INIT FAILED:Connection error: 
[2025-11-28T15:04:59.336] [INFO] default - Access about page successful
[2025-11-28T15:06:12.946] [INFO] default - get Rubik successful
[2025-11-28T15:06:12.972] [INFO] default - Client fetched categories list successfully
[2025-11-28T15:06:13.426] [INFO] default - Access about page successful
[2025-11-28T15:06:15.049] [INFO] default - get product-detail Rubik's Coach Cube successfull
[2025-11-28T15:06:15.078] [INFO] default - get product-detail Rubik's 3x3 successfull
[2025-11-28T15:06:15.096] [INFO] default - get product-detail Rubik's Apprentice 2x2 successfull
[2025-11-28T15:17:23.611] [ERROR] default - MQTT INIT FAILED:Connection error: 
[2025-11-28T15:18:46.250] [ERROR] default - MQTT INIT FAILED:Connection error: 
[2025-11-28T15:19:10.377] [ERROR] default - MQTT INIT FAILED:Connection error: 
[2025-11-28T15:19:43.181] [ERROR] default - MQTT INIT FAILED:Connection error: 
[2025-11-28T15:21:00.719] [ERROR] default - MQTT INIT FAILED:Connection error: 
[2025-11-28T15:21:20.364] [ERROR] default - MQTT INIT FAILED:Connection error: 
[2025-11-28T15:27:34.664] [ERROR] default - MQTT INIT FAILED:Connection error: 
[2025-11-28T15:32:41.819] [ERROR] default - Admin login failed: Invalid password for user helloman147
[2025-11-28T15:32:59.366] [INFO] default - Admin login successful: helloman147
[2025-11-28T15:32:59.492] [INFO] default - Admin dashboard accessed by: helloman147
[2025-11-28T15:33:01.637] [INFO] default - Admin feedback categories list accessed by: helloman147, page: 1, limit: 10
[2025-11-28T15:38:51.682] [ERROR] default - Admin account attempted to access client page: helloman147
[2025-11-28T15:38:51.705] [INFO] default - Admin feedback categories list accessed by: helloman147, page: 1, limit: 10
[2025-11-28T15:38:57.491] [ERROR] default - Your account has been login from another place.
[2025-11-28T15:38:57.550] [ERROR] default - Session expired or account logged in from another place.
[2025-11-28T15:41:29.883] [ERROR] default - MQTT INIT FAILED:Connection error: 
[2025-11-28T15:42:18.954] [ERROR] default - Admin login failed: Username helloman145 does not exist
[2025-11-28T15:46:38.547] [INFO] default - Admin login successful: helloman147
[2025-11-28T15:46:38.632] [INFO] default - Admin dashboard accessed by: helloman147
[2025-11-28T15:46:39.786] [INFO] default - Admin feedback categories list accessed by: helloman147, page: 1, limit: 10
[2025-11-28T15:49:15.555] [ERROR] default - Admin account attempted to access client page: helloman147
[2025-11-28T15:49:15.576] [INFO] default - Admin feedback categories list accessed by: helloman147, page: 1, limit: 10
[2025-11-28T15:49:29.946] [ERROR] default - Session expired or account logged in from another place.
[2025-11-28T15:53:01.846] [INFO] default - Admin login successful: helloman147
[2025-11-28T15:53:01.915] [INFO] default - Admin dashboard accessed by: helloman147
[2025-11-28T15:53:03.284] [INFO] default - Admin feedback categories list accessed by: helloman147, page: 1, limit: 10
[2025-11-28T15:53:15.819] [INFO] default - Admin feedback categories list accessed by: helloman147, page: 1, limit: 10
[2025-11-28T15:53:20.760] [INFO] default - Admin helloman147 fetched feedback list - page 1, limit 10
[2025-11-28T15:53:21.528] [INFO] default - Admin rubik types list accessed by: helloman147, page: 1, limit: 10
[2025-11-28T15:53:22.408] [INFO] default - Admin categories list accessed by: helloman147, page: 1, limit: 10
[2025-11-28T15:53:22.679] [INFO] default - Admin users list accessed by: helloman147, page: 1, limit: 10
[2025-11-28T15:53:22.944] [INFO] default - Admin dashboard accessed by: helloman147
[2025-11-28T15:53:23.256] [INFO] default - Admin categories list accessed by: helloman147, page: 1, limit: 1000
[2025-11-28T15:53:23.263] [INFO] default - Admin products list accessed by: helloman147, page: 1, limit: 10
[2025-11-28T15:53:23.486] [INFO] default - Admin categories list accessed by: helloman147, page: 1, limit: 10
[2025-11-28T15:53:23.916] [INFO] default - Admin rubik types list accessed by: helloman147, page: 1, limit: 10
[2025-11-28T15:53:24.181] [INFO] default - Admin feedback categories list accessed by: helloman147, page: 1, limit: 10
[2025-11-28T15:53:24.641] [INFO] default - Admin helloman147 fetched feedback list - page 1, limit 10
[2025-11-28T15:53:26.499] [INFO] default - Admin feedback categories list accessed by: helloman147, page: 1, limit: 10
[2025-11-28T15:54:07.485] [INFO] default - Access about page successful
[2025-11-28T15:54:08.085] [ERROR] default - MQTT INIT FAILED:Connection error: 
[2025-11-28T15:54:36.599] [ERROR] default - Unauthorized admin access attempt by user: helloman12345
[2025-11-28T15:54:39.111] [ERROR] default - Unauthorized admin access attempt by user: helloman12345
[2025-11-28T15:54:43.359] [INFO] default - Access about page successful
[2025-11-28T15:54:46.452] [INFO] default - Access about page successful
[2025-11-28T15:55:12.287] [INFO] default - Admin login successful: helloman147
[2025-11-28T15:55:12.364] [INFO] default - Admin dashboard accessed by: helloman147
[2025-11-28T15:55:13.589] [INFO] default - Admin feedback categories list accessed by: helloman147, page: 1, limit: 10
[2025-11-28T15:55:20.854] [INFO] default - Admin created feedback category: Product Experiences (0) by helloman147
[2025-11-28T15:55:27.811] [INFO] default - Admin created feedback category: Support Guidance (1) by helloman147
[2025-11-28T15:55:36.077] [INFO] default - Admin created feedback category: Compliance (2) by helloman147
[2025-11-28T15:55:38.314] [INFO] default - Admin feedback categories list accessed by: helloman147, page: 1, limit: 10
[2025-11-28T15:55:41.658] [INFO] default - Admin helloman147 fetched feedback list - page 1, limit 10
[2025-11-28T15:55:44.004] [INFO] default - Admin feedback categories list accessed by: helloman147, page: 1, limit: 10
[2025-11-28T15:55:52.585] [INFO] default - Admin helloman147 fetched feedback list - page 1, limit 10
[2025-11-28T15:55:53.853] [INFO] default - Admin feedback categories list accessed by: helloman147, page: 1, limit: 10
[2025-11-28T15:55:54.302] [INFO] default - Admin helloman147 fetched feedback list - page 1, limit 10
[2025-11-28T15:55:55.448] [INFO] default - Admin feedback categories list accessed by: helloman147, page: 1, limit: 10
[2025-11-28T15:55:55.682] [INFO] default - Admin helloman147 fetched feedback list - page 1, limit 10
[2025-11-28T15:55:56.079] [INFO] default - Admin rubik types list accessed by: helloman147, page: 1, limit: 10
[2025-11-28T15:55:57.383] [INFO] default - Admin helloman147 fetched feedback list - page 1, limit 10
[2025-11-28T15:56:04.226] [INFO] default - Admin dashboard accessed by: helloman147
[2025-11-28T15:56:05.292] [INFO] default - Admin feedback categories list accessed by: helloman147, page: 1, limit: 10
[2025-11-28T15:56:06.259] [INFO] default - Admin categories list accessed by: helloman147, page: 1, limit: 10
[2025-11-28T15:56:06.594] [INFO] default - Admin categories list accessed by: helloman147, page: 1, limit: 1000
[2025-11-28T15:56:06.597] [INFO] default - Admin products list accessed by: helloman147, page: 1, limit: 10
[2025-11-28T15:56:06.899] [INFO] default - Admin dashboard accessed by: helloman147
[2025-11-28T15:56:07.476] [INFO] default - Admin rubik types list accessed by: helloman147, page: 1, limit: 10
[2025-11-28T15:56:07.910] [INFO] default - Admin feedback categories list accessed by: helloman147, page: 1, limit: 10
[2025-11-28T15:56:08.155] [INFO] default - Admin helloman147 fetched feedback list - page 1, limit 10
[2025-11-28T15:56:08.613] [INFO] default - Admin rubik types list accessed by: helloman147, page: 1, limit: 10
[2025-11-28T15:56:09.165] [INFO] default - Admin categories list accessed by: helloman147, page: 1, limit: 10
[2025-11-28T15:56:09.546] [INFO] default - Admin categories list accessed by: helloman147, page: 1, limit: 1000
[2025-11-28T15:56:09.548] [INFO] default - Admin products list accessed by: helloman147, page: 1, limit: 10
[2025-11-28T15:56:09.864] [INFO] default - Admin dashboard accessed by: helloman147
[2025-11-28T16:08:21.899] [ERROR] default - MQTT INIT FAILED:Connection error: 
[2025-11-28T16:11:27.045] [INFO] default - Admin dashboard accessed by: helloman147
[2025-11-28T16:11:27.705] [INFO] default - Admin dashboard accessed by: helloman147
[2025-11-28T16:11:52.036] [INFO] default - Access about page successful
[2025-11-28T16:12:51.707] [INFO] default - Admin dashboard accessed by: helloman147
[2025-11-28T16:13:43.715] [INFO] default - Admin dashboard accessed by: helloman147
[2025-11-28T16:14:35.803] [INFO] default - Access about page successful
[2025-11-28T16:15:28.749] [INFO] default - Admin dashboard accessed by: helloman147
[2025-11-28T16:17:23.620] [ERROR] default - MQTT INIT FAILED:Connection error: 
[2025-11-28T16:18:34.557] [ERROR] default - MQTT INIT FAILED:Connection error: 
[2025-11-28T16:18:48.695] [ERROR] default - MQTT INIT FAILED:Connection error: 
[2025-11-28T16:21:09.916] [INFO] default - Admin dashboard accessed by: helloman147
[2025-11-28T16:21:11.599] [INFO] default - Admin dashboard accessed by: helloman147
[2025-11-28T16:21:14.565] [INFO] default - Admin dashboard accessed by: helloman147
[2025-11-28T16:21:24.365] [INFO] default - Admin dashboard accessed by: helloman147
[2025-11-28T16:24:30.634] [ERROR] default - Unauthorized admin access attempt by user: helloman12345
[2025-11-28T16:24:30.789] [INFO] default - Admin dashboard accessed by: helloman147
[2025-11-28T16:24:37.660] [INFO] default - Admin dashboard accessed by: helloman147
[2025-11-28T16:24:37.730] [ERROR] default - Unauthorized admin access attempt by user: helloman12345
[2025-11-28T16:24:43.653] [ERROR] default - Unauthorized admin access attempt by user: helloman12345
[2025-11-28T16:24:43.681] [INFO] default - Admin dashboard accessed by: helloman147
[2025-11-28T16:25:06.988] [ERROR] default - Unauthorized admin access attempt by user: helloman12345
[2025-11-28T16:26:54.169] [ERROR] default - Unauthorized admin access attempt by user: helloman12345
[2025-11-28T16:27:17.299] [ERROR] default - MQTT INIT FAILED:Connection error: 
[2025-11-28T16:27:35.613] [INFO] default - Admin feedback categories list accessed by: undefined, page: 1, limit: 50
[2025-11-28T16:27:39.768] [ERROR] default - MQTT INIT FAILED:Connection error: 
[2025-11-28T16:28:30.764] [ERROR] default - Create feedback error: feedback validation failed: category_id: Path `category_id` is required.
[2025-11-28T16:29:05.825] [INFO] default - Admin dashboard accessed by: helloman147
[2025-11-28T16:29:05.866] [INFO] default - Admin feedback categories list accessed by: undefined, page: 1, limit: 50
[2025-11-28T16:29:21.363] [INFO] default - get product-detail Rubik's Coach Cube successfull
[2025-11-28T16:29:21.390] [INFO] default - get product-detail Rubik's 3x3 successfull
[2025-11-28T16:29:21.406] [INFO] default - get product-detail Rubik's Apprentice 2x2 successfull
[2025-11-28T16:29:25.074] [INFO] default - GET DEVICE LIST SUCCESSFULLY FOR USER helloman12345
[2025-11-28T16:29:34.264] [INFO] default - Close Log SSE Successfully.
[2025-11-28T16:29:34.421] [INFO] default - Access about page successful
[2025-11-28T16:29:49.690] [INFO] default - Access about page successful
[2025-11-28T16:29:49.743] [INFO] default - Admin dashboard accessed by: helloman147
[2025-11-28T16:29:57.620] [INFO] default - Admin dashboard accessed by: helloman147
[2025-11-28T16:29:57.636] [INFO] default - Access about page successful
[2025-11-28T17:05:37.614] [INFO] default - Admin feedback categories list accessed by: undefined, page: 1, limit: 50
[2025-11-28T17:05:39.332] [ERROR] default - MQTT INIT FAILED:Connection error: 
[2025-11-28T17:06:00.911] [ERROR] default - Create feedback error: feedback validation failed: category_id: Path `category_id` is required.
[2025-11-28T17:08:02.662] [ERROR] default - Create feedback error: feedback validation failed: category_id: Path `category_id` is required.
[2025-11-28T17:08:09.508] [ERROR] default - MQTT INIT FAILED:Connection error: 
[2025-11-28T17:22:29.355] [ERROR] default - MQTT INIT FAILED:Connection error: 
[2025-11-28T17:22:58.749] [ERROR] default - MQTT INIT FAILED:Connection error: 
[2025-11-28T17:24:19.647] [ERROR] default - JWT verification failed: jwt expired
[2025-11-28T17:24:19.722] [INFO] default - Admin feedback categories list accessed by: undefined, page: 1, limit: 50
[2025-11-28T17:24:30.162] [INFO] default - Admin feedback categories list accessed by: undefined, page: 1, limit: 50
[2025-11-28T17:24:30.473] [ERROR] default - JWT verification failed: jwt expired
[2025-11-28T17:24:43.505] [ERROR] default - JWT verification failed: jwt expired
[2025-11-28T17:24:43.515] [INFO] default - Admin feedback categories list accessed by: undefined, page: 1, limit: 50
[2025-11-28T17:25:45.151] [INFO] default - Admin feedback categories list accessed by: undefined, page: 1, limit: 50
[2025-11-28T17:26:25.266] [ERROR] default - JWT verification failed: jwt expired
[2025-11-28T17:26:46.872] [INFO] default - Access about page successful
[2025-11-28T17:26:48.259] [INFO] default - Admin feedback categories list accessed by: undefined, page: 1, limit: 50
[2025-11-28T17:27:07.167] [INFO] default - User helloman12345 created feedback: 0
[2025-11-28T17:27:49.527] [INFO] default - Admin login successful: helloman147
[2025-11-28T17:27:49.599] [INFO] default - Admin dashboard accessed by: helloman147
[2025-11-28T17:27:51.661] [INFO] default - Admin helloman147 fetched feedback list - page 1, limit 10
[2025-11-28T17:29:14.565] [INFO] default - Admin helloman147 fetched feedback list - page 1, limit 10
[2025-11-28T17:29:14.784] [INFO] default - Admin feedback categories list accessed by: undefined, page: 1, limit: 50
[2025-11-28T17:29:37.581] [INFO] default - Admin feedback categories list accessed by: undefined, page: 1, limit: 50
[2025-11-28T17:29:37.588] [INFO] default - Admin helloman147 fetched feedback list - page 1, limit 10
[2025-11-28T17:29:43.516] [INFO] default - Admin helloman147 fetched feedback list - page 1, limit 10
[2025-11-28T17:29:43.535] [INFO] default - Admin feedback categories list accessed by: undefined, page: 1, limit: 50
[2025-11-28T17:30:10.512] [INFO] default - Admin helloman147 fetched feedback list - page 1, limit 10
[2025-11-28T17:30:10.541] [INFO] default - Admin feedback categories list accessed by: undefined, page: 1, limit: 50
[2025-11-28T17:31:39.513] [INFO] default - Admin feedback categories list accessed by: undefined, page: 1, limit: 10
[2025-11-28T17:31:45.137] [INFO] default - Admin helloman147 fetched feedback list - page 1, limit 10
[2025-11-28T17:31:49.079] [INFO] default - Admin feedback categories list accessed by: undefined, page: 1, limit: 10
[2025-11-28T17:31:57.807] [INFO] default - Admin helloman147 fetched feedback list - page 1, limit 10
[2025-11-28T17:33:06.183] [INFO] default - Admin feedback categories list accessed by: undefined, page: 1, limit: 10
[2025-11-28T17:33:12.475] [INFO] default - Admin helloman147 fetched feedback list - page 1, limit 10
[2025-11-28T17:36:35.389] [ERROR] default - MQTT INIT FAILED:Connection error: 
[2025-11-28T17:36:37.402] [INFO] default - Admin helloman147 fetched feedback list - page 1, limit 10
[2025-11-28T17:37:06.510] [INFO] default - Admin helloman147 fetched feedback list - page 1, limit 10
[2025-11-28T17:37:06.636] [INFO] default - Admin feedback categories list accessed by: undefined, page: 1, limit: 50
[2025-11-28T17:37:19.334] [INFO] default - Admin helloman147 fetched feedback list - page 1, limit 10
[2025-11-28T17:37:21.089] [INFO] default - Admin categories list accessed by: helloman147, page: 1, limit: 1000
[2025-11-28T17:37:21.096] [INFO] default - Admin products list accessed by: helloman147, page: 1, limit: 10
[2025-11-28T17:37:22.176] [INFO] default - Admin users list accessed by: helloman147, page: 1, limit: 10
[2025-11-28T17:37:25.359] [INFO] default - Admin rubik types list accessed by: helloman147, page: 1, limit: 10
[2025-11-28T17:37:27.001] [INFO] default - Admin helloman147 fetched feedback list - page 1, limit 10
[2025-11-28T17:37:29.000] [INFO] default - Admin feedback categories list accessed by: undefined, page: 1, limit: 10
[2025-11-28T17:37:30.178] [INFO] default - Admin helloman147 fetched feedback list - page 1, limit 10
[2025-11-28T17:37:30.597] [INFO] default - Admin feedback categories list accessed by: undefined, page: 1, limit: 10
[2025-11-28T17:37:32.201] [INFO] default - Admin helloman147 fetched feedback list - page 1, limit 10
[2025-11-28T17:38:03.721] [INFO] default - Admin helloman147 fetched feedback list - page 1, limit 10
[2025-11-28T17:38:03.780] [INFO] default - Admin feedback categories list accessed by: undefined, page: 1, limit: 50
[2025-11-28T17:38:10.331] [INFO] default - Admin categories list accessed by: helloman147, page: 1, limit: 10
[2025-11-28T17:38:11.392] [INFO] default - Admin feedback categories list accessed by: undefined, page: 1, limit: 10
[2025-11-28T17:38:12.800] [INFO] default - Admin helloman147 fetched feedback list - page 1, limit 10
[2025-11-28T17:38:14.718] [INFO] default - Admin categories list accessed by: helloman147, page: 1, limit: 10
[2025-11-28T17:38:15.081] [INFO] default - Admin categories list accessed by: helloman147, page: 1, limit: 1000
[2025-11-28T17:38:15.082] [INFO] default - Admin products list accessed by: helloman147, page: 1, limit: 10
[2025-11-28T17:38:15.395] [INFO] default - Admin dashboard accessed by: helloman147
[2025-11-28T17:38:15.631] [INFO] default - Admin users list accessed by: helloman147, page: 1, limit: 10
[2025-11-28T17:38:17.568] [INFO] default - Admin feedback categories list accessed by: undefined, page: 1, limit: 10
[2025-11-28T17:38:18.272] [INFO] default - Admin helloman147 fetched feedback list - page 1, limit 10
[2025-11-28T17:39:03.572] [INFO] default - Admin feedback categories list accessed by: undefined, page: 1, limit: 50
[2025-11-28T17:39:03.631] [INFO] default - Admin helloman147 fetched feedback list - page 1, limit 10
[2025-11-28T17:39:12.580] [INFO] default - Admin feedback categories list accessed by: undefined, page: 1, limit: 50
[2025-11-28T17:39:12.589] [INFO] default - Admin helloman147 fetched feedback list - page 1, limit 10
[2025-11-28T17:40:20.020] [INFO] default - Admin helloman147 fetched feedback list - page 1, limit 10
[2025-11-28T17:43:46.611] [ERROR] default - MQTT INIT FAILED:Connection error: 
[2025-11-28T17:44:12.884] [INFO] default - Admin helloman147 fetched feedback list - page 1, limit 10
[2025-11-28T17:44:15.806] [INFO] default - Admin helloman147 fetched feedback list - page 1, limit 10
[2025-11-28T17:44:17.384] [INFO] default - Admin helloman147 fetched feedback list - page 1, limit 10
[2025-11-28T17:45:32.734] [INFO] default - Admin login successful: helloman147
[2025-11-28T17:45:32.817] [INFO] default - Admin dashboard accessed by: helloman147
[2025-11-28T17:45:34.052] [INFO] default - Admin feedback categories list accessed by: undefined, page: 1, limit: 10
[2025-11-28T17:45:34.822] [INFO] default - Admin helloman147 fetched feedback list - page 1, limit 10
[2025-11-28T17:45:41.880] [INFO] default - Admin helloman147 fetched feedback list - page 1, limit 10
[2025-11-28T17:49:55.911] [INFO] default - Admin helloman147 fetched feedback list - page 1, limit 10
[2025-11-28T17:54:46.949] [INFO] default - Admin feedback categories list accessed by: undefined, page: 1, limit: 50
[2025-11-28T17:55:09.684] [INFO] default - Admin helloman147 fetched feedback list - page 1, limit 10
[2025-11-28T17:55:10.322] [INFO] default - Admin helloman147 fetched feedback list - page 1, limit 10
[2025-11-28T18:34:00.957] [ERROR] default - MQTT INIT FAILED:Connection error: 
[2025-11-28T18:34:02.997] [INFO] default - Admin helloman147 fetched feedback list - page 1, limit 10
[2025-11-28T18:34:41.098] [INFO] default - Admin dashboard accessed by: helloman147
[2025-11-28T18:34:45.571] [INFO] default - Admin helloman147 fetched feedback list - page 1, limit 10
[2025-11-28T18:34:46.897] [INFO] default - Admin helloman147 fetched feedback detail: 0
[2025-11-28T18:35:27.592] [INFO] default - Admin helloman147 fetched feedback detail: 0
[2025-11-28T18:35:50.751] [INFO] default - Admin helloman147 fetched feedback detail: 0
[2025-11-28T18:35:51.253] [INFO] default - Admin helloman147 fetched feedback detail: 0
[2025-11-28T18:35:51.431] [INFO] default - Admin helloman147 fetched feedback detail: 0
[2025-11-28T18:35:51.589] [INFO] default - Admin helloman147 fetched feedback detail: 0
[2025-11-28T18:36:39.346] [INFO] default - Admin feedback categories list accessed by: undefined, page: 1, limit: 50
[2025-11-28T18:40:05.618] [INFO] default - Admin helloman147 fetched feedback detail: 0
[2025-11-28T18:40:05.727] [INFO] default - Admin feedback categories list accessed by: undefined, page: 1, limit: 50
[2025-11-28T18:40:14.915] [INFO] default - Admin helloman147 fetched feedback detail: 0
[2025-11-28T18:41:01.564] [INFO] default - Admin helloman147 fetched feedback detail: 0
[2025-11-28T18:41:01.640] [INFO] default - Admin feedback categories list accessed by: undefined, page: 1, limit: 50
[2025-11-28T18:41:13.864] [INFO] default - Admin helloman147 fetched feedback detail: 0
[2025-11-28T18:42:59.546] [INFO] default - Admin helloman147 fetched feedback detail: 0
[2025-11-28T18:42:59.615] [INFO] default - Admin feedback categories list accessed by: undefined, page: 1, limit: 50
[2025-11-28T18:44:19.618] [INFO] default - Admin feedback categories list accessed by: undefined, page: 1, limit: 50
[2025-11-28T18:44:19.660] [INFO] default - Admin helloman147 fetched feedback detail: 0
[2025-11-28T18:44:33.506] [INFO] default - Admin helloman147 fetched feedback detail: 0
[2025-11-28T18:44:33.911] [INFO] default - Admin helloman147 fetched feedback detail: 0
[2025-11-28T18:44:34.064] [INFO] default - Admin helloman147 fetched feedback detail: 0
[2025-11-28T18:44:34.258] [INFO] default - Admin helloman147 fetched feedback detail: 0
[2025-11-28T18:45:29.509] [INFO] default - Admin helloman147 fetched feedback detail: 0
[2025-11-28T18:45:29.571] [INFO] default - Admin feedback categories list accessed by: undefined, page: 1, limit: 50
[2025-11-28T18:45:38.310] [ERROR] default - JWT verification failed: jwt expired
